Solution: { space_left = 1.; total_amount = 41. }
