The number of solutions to the 8-Queens problem is '12', up to symmetry.

The total number of solutions, including their symmetric placements, is '92'.

The first obtained result is included in the enumerated results: 'true'.


#1
. . . . . . . Q 
. . . Q . . . . 
Q . . . . . . . 
. . Q . . . . . 
. . . . . Q . . 
. Q . . . . . . 
. . . . . . Q . 
. . . . Q . . . 

#2
. . . . . . . Q 
. . Q . . . . . 
Q . . . . . . . 
. . . . . Q . . 
. Q . . . . . . 
. . . . Q . . . 
. . . . . . Q . 
. . . Q . . . . 

#3
. . . . . . . Q 
. Q . . . . . . 
. . . . Q . . . 
. . Q . . . . . 
Q . . . . . . . 
. . . . . . Q . 
. . . Q . . . . 
. . . . . Q . . 

#4
. . . . . . . Q 
. Q . . . . . . 
. . . Q . . . . 
Q . . . . . . . 
. . . . . . Q . 
. . . . Q . . . 
. . Q . . . . . 
. . . . . Q . . 

#5
. . . . . . Q . 
. . . . Q . . . 
. . Q . . . . . 
Q . . . . . . . 
. . . . . Q . . 
. . . . . . . Q 
. Q . . . . . . 
. . . Q . . . . 

#6
. . . . . . Q . 
. . . Q . . . . 
. Q . . . . . . 
. . . . . . . Q 
. . . . . Q . . 
Q . . . . . . . 
. . Q . . . . . 
. . . . Q . . . 

#7
. . . . . . Q . 
. . . Q . . . . 
. Q . . . . . . 
. . . . Q . . . 
. . . . . . . Q 
Q . . . . . . . 
. . Q . . . . . 
. . . . . Q . . 

#8
. . . . . . Q . 
. . Q . . . . . 
. . . . . . . Q 
. Q . . . . . . 
. . . . Q . . . 
Q . . . . . . . 
. . . . . Q . . 
. . . Q . . . . 

#9
. . . . . . Q . 
. . Q . . . . . 
Q . . . . . . . 
. . . . . Q . . 
. . . . . . . Q 
. . . . Q . . . 
. Q . . . . . . 
. . . Q . . . . 

#10
. . . . . . Q . 
. Q . . . . . . 
. . . . . Q . . 
. . Q . . . . . 
Q . . . . . . . 
. . . Q . . . . 
. . . . . . . Q 
. . . . Q . . . 

#11
. . . . . . Q . 
. Q . . . . . . 
. . . Q . . . . 
Q . . . . . . . 
. . . . . . . Q 
. . . . Q . . . 
. . Q . . . . . 
. . . . . Q . . 

#12
. . . . . . Q . 
Q . . . . . . . 
. . Q . . . . . 
. . . . . . . Q 
. . . . . Q . . 
. . . Q . . . . 
. Q . . . . . . 
. . . . Q . . . 

#13
. . . . . Q . . 
. . . . . . . Q 
. Q . . . . . . 
. . . Q . . . . 
Q . . . . . . . 
. . . . . . Q . 
. . . . Q . . . 
. . Q . . . . . 

#14
. . . . . Q . . 
. . . Q . . . . 
. . . . . . Q . 
Q . . . . . . . 
. . . . . . . Q 
. Q . . . . . . 
. . . . Q . . . 
. . Q . . . . . 

#15
. . . . . Q . . 
. . . Q . . . . 
. . . . . . Q . 
Q . . . . . . . 
. . Q . . . . . 
. . . . Q . . . 
. Q . . . . . . 
. . . . . . . Q 

#16
. . . . . Q . . 
. . . Q . . . . 
. Q . . . . . . 
. . . . . . . Q 
. . . . Q . . . 
. . . . . . Q . 
Q . . . . . . . 
. . Q . . . . . 

#17
. . . . . Q . . 
. . . Q . . . . 
Q . . . . . . . 
. . . . Q . . . 
. . . . . . . Q 
. Q . . . . . . 
. . . . . . Q . 
. . Q . . . . . 

#18
. . . . . Q . . 
. . Q . . . . . 
. . . . . . Q . 
. . . Q . . . . 
Q . . . . . . . 
. . . . . . . Q 
. Q . . . . . . 
. . . . Q . . . 

#19
. . . . . Q . . 
. . Q . . . . . 
. . . . . . Q . 
. Q . . . . . . 
. . . . . . . Q 
. . . . Q . . . 
Q . . . . . . . 
. . . Q . . . . 

#20
. . . . . Q . . 
. . Q . . . . . 
. . . . . . Q . 
. Q . . . . . . 
. . . Q . . . . 
. . . . . . . Q 
Q . . . . . . . 
. . . . Q . . . 

#21
. . . . . Q . . 
. . Q . . . . . 
. . . . Q . . . 
. . . . . . . Q 
Q . . . . . . . 
. . . Q . . . . 
. Q . . . . . . 
. . . . . . Q . 

#22
. . . . . Q . . 
. . Q . . . . . 
. . . . Q . . . 
. . . . . . Q . 
Q . . . . . . . 
. . . Q . . . . 
. Q . . . . . . 
. . . . . . . Q 

#23
. . . . . Q . . 
. . Q . . . . . 
Q . . . . . . . 
. . . . . . . Q 
. . . . Q . . . 
. Q . . . . . . 
. . . Q . . . . 
. . . . . . Q . 

#24
. . . . . Q . . 
. . Q . . . . . 
Q . . . . . . . 
. . . . . . . Q 
. . . Q . . . . 
. Q . . . . . . 
. . . . . . Q . 
. . . . Q . . . 

#25
. . . . . Q . . 
. . Q . . . . . 
Q . . . . . . . 
. . . . . . Q . 
. . . . Q . . . 
. . . . . . . Q 
. Q . . . . . . 
. . . Q . . . . 

#26
. . . . . Q . . 
. Q . . . . . . 
. . . . . . Q . 
Q . . . . . . . 
. . . Q . . . . 
. . . . . . . Q 
. . . . Q . . . 
. . Q . . . . . 

#27
. . . . . Q . . 
. Q . . . . . . 
. . . . . . Q . 
Q . . . . . . . 
. . Q . . . . . 
. . . . Q . . . 
. . . . . . . Q 
. . . Q . . . . 

#28
. . . . . Q . . 
Q . . . . . . . 
. . . . Q . . . 
. Q . . . . . . 
. . . . . . . Q 
. . Q . . . . . 
. . . . . . Q . 
. . . Q . . . . 

#29
. . . . Q . . . 
. . . . . . . Q 
. . . Q . . . . 
Q . . . . . . . 
. . . . . . Q . 
. Q . . . . . . 
. . . . . Q . . 
. . Q . . . . . 

#30
. . . . Q . . . 
. . . . . . . Q 
. . . Q . . . . 
Q . . . . . . . 
. . Q . . . . . 
. . . . . Q . . 
. Q . . . . . . 
. . . . . . Q . 

#31
. . . . Q . . . 
. . . . . . Q . 
. . . Q . . . . 
Q . . . . . . . 
. . Q . . . . . 
. . . . . . . Q 
. . . . . Q . . 
. Q . . . . . . 

#32
. . . . Q . . . 
. . . . . . Q . 
. Q . . . . . . 
. . . . . Q . . 
. . Q . . . . . 
Q . . . . . . . 
. . . . . . . Q 
. . . Q . . . . 

#33
. . . . Q . . . 
. . . . . . Q . 
. Q . . . . . . 
. . . . . Q . . 
. . Q . . . . . 
Q . . . . . . . 
. . . Q . . . . 
. . . . . . . Q 

#34
. . . . Q . . . 
. . . . . . Q . 
. Q . . . . . . 
. . . Q . . . . 
. . . . . . . Q 
Q . . . . . . . 
. . Q . . . . . 
. . . . . Q . . 

#35
. . . . Q . . . 
. . . . . . Q . 
Q . . . . . . . 
. . . Q . . . . 
. Q . . . . . . 
. . . . . . . Q 
. . . . . Q . . 
. . Q . . . . . 

#36
. . . . Q . . . 
. . . . . . Q . 
Q . . . . . . . 
. . Q . . . . . 
. . . . . . . Q 
. . . . . Q . . 
. . . Q . . . . 
. Q . . . . . . 

#37
. . . . Q . . . 
. . Q . . . . . 
. . . . . . . Q 
. . . Q . . . . 
. . . . . . Q . 
Q . . . . . . . 
. . . . . Q . . 
. Q . . . . . . 

#38
. . . . Q . . . 
. . Q . . . . . 
Q . . . . . . . 
. . . . . . Q . 
. Q . . . . . . 
. . . . . . . Q 
. . . . . Q . . 
. . . Q . . . . 

#39
. . . . Q . . . 
. . Q . . . . . 
Q . . . . . . . 
. . . . . Q . . 
. . . . . . . Q 
. Q . . . . . . 
. . . Q . . . . 
. . . . . . Q . 

#40
. . . . Q . . . 
. Q . . . . . . 
. . . . . . . Q 
Q . . . . . . . 
. . . Q . . . . 
. . . . . . Q . 
. . Q . . . . . 
. . . . . Q . . 

#41
. . . . Q . . . 
. Q . . . . . . 
. . . . . Q . . 
Q . . . . . . . 
. . . . . . Q . 
. . . Q . . . . 
. . . . . . . Q 
. . Q . . . . . 

#42
. . . . Q . . . 
. Q . . . . . . 
. . . Q . . . . 
. . . . . . Q . 
. . Q . . . . . 
. . . . . . . Q 
. . . . . Q . . 
Q . . . . . . . 

#43
. . . . Q . . . 
. Q . . . . . . 
. . . Q . . . . 
. . . . . Q . . 
. . . . . . . Q 
. . Q . . . . . 
Q . . . . . . . 
. . . . . . Q . 

#44
. . . . Q . . . 
Q . . . . . . . 
. . . . . . . Q 
. . . . . Q . . 
. . Q . . . . . 
. . . . . . Q . 
. Q . . . . . . 
. . . Q . . . . 

#45
. . . . Q . . . 
Q . . . . . . . 
. . . . . . . Q 
. . . Q . . . . 
. Q . . . . . . 
. . . . . . Q . 
. . Q . . . . . 
. . . . . Q . . 

#46
. . . . Q . . . 
Q . . . . . . . 
. . . Q . . . . 
. . . . . Q . . 
. . . . . . . Q 
. Q . . . . . . 
. . . . . . Q . 
. . Q . . . . . 

#47
. . . Q . . . . 
. . . . . . . Q 
. . . . Q . . . 
. . Q . . . . . 
Q . . . . . . . 
. . . . . . Q . 
. Q . . . . . . 
. . . . . Q . . 

#48
. . . Q . . . . 
. . . . . . . Q 
Q . . . . . . . 
. . . . Q . . . 
. . . . . . Q . 
. Q . . . . . . 
. . . . . Q . . 
. . Q . . . . . 

#49
. . . Q . . . . 
. . . . . . . Q 
Q . . . . . . . 
. . Q . . . . . 
. . . . . Q . . 
. Q . . . . . . 
. . . . . . Q . 
. . . . Q . . . 

#50
. . . Q . . . . 
. . . . . . Q . 
. . . . Q . . . 
. . Q . . . . . 
Q . . . . . . . 
. . . . . Q . . 
. . . . . . . Q 
. Q . . . . . . 

#51
. . . Q . . . . 
. . . . . . Q . 
. . . . Q . . . 
. Q . . . . . . 
. . . . . Q . . 
Q . . . . . . . 
. . Q . . . . . 
. . . . . . . Q 

#52
. . . Q . . . . 
. . . . . . Q . 
. . Q . . . . . 
. . . . . . . Q 
. Q . . . . . . 
. . . . Q . . . 
Q . . . . . . . 
. . . . . Q . . 

#53
. . . Q . . . . 
. . . . . . Q . 
Q . . . . . . . 
. . . . . . . Q 
. . . . Q . . . 
. Q . . . . . . 
. . . . . Q . . 
. . Q . . . . . 

#54
. . . Q . . . . 
. . . . . Q . . 
. . . . . . . Q 
. . Q . . . . . 
Q . . . . . . . 
. . . . . . Q . 
. . . . Q . . . 
. Q . . . . . . 

#55
. . . Q . . . . 
. . . . . Q . . 
. . . . . . . Q 
. Q . . . . . . 
. . . . . . Q . 
Q . . . . . . . 
. . Q . . . . . 
. . . . Q . . . 

#56
. . . Q . . . . 
. . . . . Q . . 
Q . . . . . . . 
. . . . Q . . . 
. Q . . . . . . 
. . . . . . . Q 
. . Q . . . . . 
. . . . . . Q . 

#57
. . . Q . . . . 
. Q . . . . . . 
. . . . . . . Q 
. . . . . Q . . 
Q . . . . . . . 
. . Q . . . . . 
. . . . Q . . . 
. . . . . . Q . 

#58
. . . Q . . . . 
. Q . . . . . . 
. . . . . . . Q 
. . . . Q . . . 
. . . . . . Q . 
Q . . . . . . . 
. . Q . . . . . 
. . . . . Q . . 

#59
. . . Q . . . . 
. Q . . . . . . 
. . . . . . Q . 
. . . . Q . . . 
Q . . . . . . . 
. . . . . . . Q 
. . . . . Q . . 
. . Q . . . . . 

#60
. . . Q . . . . 
. Q . . . . . . 
. . . . . . Q . 
. . Q . . . . . 
. . . . . Q . . 
. . . . . . . Q 
. . . . Q . . . 
Q . . . . . . . 

#61
. . . Q . . . . 
. Q . . . . . . 
. . . . . . Q . 
. . Q . . . . . 
. . . . . Q . . 
. . . . . . . Q 
Q . . . . . . . 
. . . . Q . . . 

#62
. . . Q . . . . 
. Q . . . . . . 
. . . . Q . . . 
. . . . . . . Q 
. . . . . Q . . 
Q . . . . . . . 
. . Q . . . . . 
. . . . . . Q . 

#63
. . . Q . . . . 
Q . . . . . . . 
. . . . Q . . . 
. . . . . . . Q 
. . . . . Q . . 
. . Q . . . . . 
. . . . . . Q . 
. Q . . . . . . 

#64
. . . Q . . . . 
Q . . . . . . . 
. . . . Q . . . 
. . . . . . . Q 
. Q . . . . . . 
. . . . . . Q . 
. . Q . . . . . 
. . . . . Q . . 

#65
. . Q . . . . . 
. . . . . . . Q 
. . . Q . . . . 
. . . . . . Q . 
Q . . . . . . . 
. . . . . Q . . 
. Q . . . . . . 
. . . . Q . . . 

#66
. . Q . . . . . 
. . . . . . Q . 
. Q . . . . . . 
. . . . . . . Q 
. . . . . Q . . 
. . . Q . . . . 
Q . . . . . . . 
. . . . Q . . . 

#67
. . Q . . . . . 
. . . . . . Q . 
. Q . . . . . . 
. . . . . . . Q 
. . . . Q . . . 
Q . . . . . . . 
. . . Q . . . . 
. . . . . Q . . 

#68
. . Q . . . . . 
. . . . . Q . . 
. . . . . . . Q 
. Q . . . . . . 
. . . Q . . . . 
Q . . . . . . . 
. . . . . . Q . 
. . . . Q . . . 

#69
. . Q . . . . . 
. . . . . Q . . 
. . . . . . . Q 
Q . . . . . . . 
. . . . Q . . . 
. . . . . . Q . 
. Q . . . . . . 
. . . Q . . . . 

#70
. . Q . . . . . 
. . . . . Q . . 
. . . . . . . Q 
Q . . . . . . . 
. . . Q . . . . 
. . . . . . Q . 
. . . . Q . . . 
. Q . . . . . . 

#71
. . Q . . . . . 
. . . . . Q . . 
. . . Q . . . . 
. Q . . . . . . 
. . . . . . . Q 
. . . . Q . . . 
. . . . . . Q . 
Q . . . . . . . 

#72
. . Q . . . . . 
. . . . . Q . . 
. . . Q . . . . 
Q . . . . . . . 
. . . . . . . Q 
. . . . Q . . . 
. . . . . . Q . 
. Q . . . . . . 

#73
. . Q . . . . . 
. . . . . Q . . 
. Q . . . . . . 
. . . . . . Q . 
. . . . Q . . . 
Q . . . . . . . 
. . . . . . . Q 
. . . Q . . . . 

#74
. . Q . . . . . 
. . . . . Q . . 
. Q . . . . . . 
. . . . . . Q . 
Q . . . . . . . 
. . . Q . . . . 
. . . . . . . Q 
. . . . Q . . . 

#75
. . Q . . . . . 
. . . . . Q . . 
. Q . . . . . . 
. . . . Q . . . 
. . . . . . . Q 
Q . . . . . . . 
. . . . . . Q . 
. . . Q . . . . 

#76
. . Q . . . . . 
. . . . Q . . . 
. . . . . . . Q 
. . . Q . . . . 
Q . . . . . . . 
. . . . . . Q . 
. Q . . . . . . 
. . . . . Q . . 

#77
. . Q . . . . . 
. . . . Q . . . 
. . . . . . Q . 
Q . . . . . . . 
. . . Q . . . . 
. Q . . . . . . 
. . . . . . . Q 
. . . . . Q . . 

#78
. . Q . . . . . 
. . . . Q . . . 
. Q . . . . . . 
. . . . . . . Q 
. . . . . Q . . 
. . . Q . . . . 
. . . . . . Q . 
Q . . . . . . . 

#79
. . Q . . . . . 
. . . . Q . . . 
. Q . . . . . . 
. . . . . . . Q 
Q . . . . . . . 
. . . . . . Q . 
. . . Q . . . . 
. . . . . Q . . 

#80
. . Q . . . . . 
Q . . . . . . . 
. . . . . . Q . 
. . . . Q . . . 
. . . . . . . Q 
. Q . . . . . . 
. . . Q . . . . 
. . . . . Q . . 

#81
. Q . . . . . . 
. . . . . . . Q 
. . . . . Q . . 
Q . . . . . . . 
. . Q . . . . . 
. . . . Q . . . 
. . . . . . Q . 
. . . Q . . . . 

#82
. Q . . . . . . 
. . . . . . Q . 
. . . . Q . . . 
. . . . . . . Q 
Q . . . . . . . 
. . . Q . . . . 
. . . . . Q . . 
. . Q . . . . . 

#83
. Q . . . . . . 
. . . . . . Q . 
. . Q . . . . . 
. . . . . Q . . 
. . . . . . . Q 
. . . . Q . . . 
Q . . . . . . . 
. . . Q . . . . 

#84
. Q . . . . . . 
. . . . . Q . . 
. . . . . . . Q 
. . Q . . . . . 
Q . . . . . . . 
. . . Q . . . . 
. . . . . . Q . 
. . . . Q . . . 

#85
. Q . . . . . . 
. . . . . Q . . 
Q . . . . . . . 
. . . . . . Q . 
. . . Q . . . . 
. . . . . . . Q 
. . Q . . . . . 
. . . . Q . . . 

#86
. Q . . . . . . 
. . . . Q . . . 
. . . . . . Q . 
. . . Q . . . . 
Q . . . . . . . 
. . . . . . . Q 
. . . . . Q . . 
. . Q . . . . . 

#87
. Q . . . . . . 
. . . . Q . . . 
. . . . . . Q . 
Q . . . . . . . 
. . Q . . . . . 
. . . . . . . Q 
. . . . . Q . . 
. . . Q . . . . 

#88
. Q . . . . . . 
. . . Q . . . . 
. . . . . Q . . 
. . . . . . . Q 
. . Q . . . . . 
Q . . . . . . . 
. . . . . . Q . 
. . . . Q . . . 

#89
Q . . . . . . . 
. . . . . . Q . 
. . . . Q . . . 
. . . . . . . Q 
. Q . . . . . . 
. . . Q . . . . 
. . . . . Q . . 
. . Q . . . . . 

#90
Q . . . . . . . 
. . . . . . Q . 
. . . Q . . . . 
. . . . . Q . . 
. . . . . . . Q 
. Q . . . . . . 
. . . . Q . . . 
. . Q . . . . . 

#91
Q . . . . . . . 
. . . . . Q . . 
. . . . . . . Q 
. . Q . . . . . 
. . . . . . Q . 
. . . Q . . . . 
. Q . . . . . . 
. . . . Q . . . 

#92
Q . . . . . . . 
. . . . Q . . . 
. . . . . . . Q 
. . . . . Q . . 
. . Q . . . . . 
. . . . . . Q . 
. Q . . . . . . 
. . . Q . . . . 
